 
 1          OPTIONS NONOTES NOSTIMER NOSOURCE NOSYNTAXCHECK;
 68         
 69         proc factor fuzz=0.3 data= polychor (type=corr) OUTSTAT= fout NOPRINT
 70         method=principal
 71         plots=scree
 72         mineigen=1
 73         reorder
 74         heywood
 75         nfactors=100
 76         nobs=&nobs;
 77         var &names ;
 78         run;
 
 NOTE: The PLOTS= option is ignored with NOPRINT.
 WARNING: The number of observations is not greater than the number of variables.
 WARNING: Conditional variance of v001087 is zero.
 WARNING: Conditional variance of v001238 is zero.
 WARNING: Conditional variance of v001239 is zero.
 NOTE: 100 factors will be retained by the NFACTOR criterion.
 NOTE: The data set WORK.FOUT has 1427 observations and 1323 variables.
 NOTE: PROCEDURE FACTOR used (Total process time):
       real time           0.90 seconds
       user cpu time       0.89 seconds
       system cpu time     0.01 seconds
       memory              21310.65k
       OS Memory           45580.00k
       Timestamp           12/08/2026 08:39:26 PM
       Step Count                        130  Switch Count  4
       Page Faults                       0
       Page Reclaims                     1804
       Page Swaps                        0
       Voluntary Context Switches        23
       Involuntary Context Switches      2
       Block Input Operations            0
       Block Output Operations           43792
       
 
 79         
 80         OPTIONS NONOTES NOSTIMER NOSOURCE NOSYNTAXCHECK;
 90         